c:\gits\gs_tracking_kr\oim_control\x64\debug\copy\vc140.pdb
c:\gits\gs_tracking_kr\oim_control\x64\debug\copy\vc140.idb
c:\gits\gs_tracking_kr\oim_control\x64\debug\copy\gpio_control.obj
c:\gits\gs_tracking_kr\oim_control\x64\debug\copy\oim_control.obj
c:\gits\gsfc_gs\x64\debug\oim_control.pdb
c:\gits\gs_tracking_kr\oim_control\x64\debug\copy\oim_control.tlog\cl.command.1.tlog
c:\gits\gs_tracking_kr\oim_control\x64\debug\copy\oim_control.tlog\cl.read.1.tlog
c:\gits\gs_tracking_kr\oim_control\x64\debug\copy\oim_control.tlog\cl.write.1.tlog
c:\gits\gs_tracking_kr\oim_control\x64\debug\copy\oim_control.tlog\link-cvtres.read.1.tlog
c:\gits\gs_tracking_kr\oim_control\x64\debug\copy\oim_control.tlog\link-cvtres.write.1.tlog
c:\gits\gs_tracking_kr\oim_control\x64\debug\copy\oim_control.tlog\link-rc.read.1.tlog
c:\gits\gs_tracking_kr\oim_control\x64\debug\copy\oim_control.tlog\link-rc.write.1.tlog
c:\gits\gs_tracking_kr\oim_control\x64\debug\copy\oim_control.tlog\link.9492-cvtres.read.1.tlog
c:\gits\gs_tracking_kr\oim_control\x64\debug\copy\oim_control.tlog\link.9492-cvtres.write.1.tlog
c:\gits\gs_tracking_kr\oim_control\x64\debug\copy\oim_control.tlog\link.9492-rc.read.1.tlog
c:\gits\gs_tracking_kr\oim_control\x64\debug\copy\oim_control.tlog\link.9492-rc.write.1.tlog
c:\gits\gs_tracking_kr\oim_control\x64\debug\copy\oim_control.tlog\link.9492.read.1.tlog
c:\gits\gs_tracking_kr\oim_control\x64\debug\copy\oim_control.tlog\link.9492.write.1.tlog
c:\gits\gs_tracking_kr\oim_control\x64\debug\copy\oim_control.tlog\link.command.1.tlog
c:\gits\gs_tracking_kr\oim_control\x64\debug\copy\oim_control.tlog\link.read.1.tlog
c:\gits\gs_tracking_kr\oim_control\x64\debug\copy\oim_control.tlog\link.write.1.tlog
