c:\users\victo\mit dropbox\victor long\mit summer 2026 important\click-portel-master\starid_c_dll\release\vc145.pdb
c:\users\victo\mit dropbox\victor long\mit summer 2026 important\click-portel-master\starid_c_dll\release\teststargen.obj
c:\users\victo\mit dropbox\victor long\mit summer 2026 important\click-portel-master\starid_c_dll\release\starid_main.obj
c:\users\victo\mit dropbox\victor long\mit summer 2026 important\click-portel-master\starid_c_dll\release\starid_3dcorrelation.obj
c:\users\victo\mit dropbox\victor long\mit summer 2026 important\click-portel-master\starid_c_dll\release\imgprocessing.obj
c:\users\victo\mit dropbox\victor long\mit summer 2026 important\click-portel-master\starid_c_dll\release\hsymath.obj
c:\users\victo\mit dropbox\victor long\mit summer 2026 important\click-portel-master\starid_c_dll\release\globalvariables.obj
c:\users\victo\mit dropbox\victor long\mit summer 2026 important\click-portel-master\starid_c_dll\release\externfunctions.obj
c:\users\victo\mit dropbox\victor long\mit summer 2026 important\click-portel-master\starid_c_dll\release\cataloggeneration.obj
c:\users\victo\mit dropbox\victor long\mit summer 2026 important\click-portel-master\release\starid_c_dll.dll
c:\users\victo\mit dropbox\victor long\mit summer 2026 important\click-portel-master\release\starid_c_dll.pdb
c:\users\victo\mit dropbox\victor long\mit summer 2026 important\click-portel-master\release\starid_c_dll.lib
c:\users\victo\mit dropbox\victor long\mit summer 2026 important\click-portel-master\release\starid_c_dll.exp
c:\users\victo\mit dropbox\victor long\mit summer 2026 important\click-portel-master\starid_c_dll\release\starid_c_dll.ipdb
c:\users\victo\mit dropbox\victor long\mit summer 2026 important\click-portel-master\starid_c_dll\release\starid_c_dll.iobj
c:\users\victo\mit dropbox\victor long\mit summer 2026 important\click-portel-master\starid_c_dll\release\starid_c_dll.tlog\cl.command.1.tlog
c:\users\victo\mit dropbox\victor long\mit summer 2026 important\click-portel-master\starid_c_dll\release\starid_c_dll.tlog\cl.items.tlog
c:\users\victo\mit dropbox\victor long\mit summer 2026 important\click-portel-master\starid_c_dll\release\starid_c_dll.tlog\cl.read.1.tlog
c:\users\victo\mit dropbox\victor long\mit summer 2026 important\click-portel-master\starid_c_dll\release\starid_c_dll.tlog\cl.write.1.tlog
c:\users\victo\mit dropbox\victor long\mit summer 2026 important\click-portel-master\starid_c_dll\release\starid_c_dll.tlog\link.command.1.tlog
c:\users\victo\mit dropbox\victor long\mit summer 2026 important\click-portel-master\starid_c_dll\release\starid_c_dll.tlog\link.read.1.tlog
c:\users\victo\mit dropbox\victor long\mit summer 2026 important\click-portel-master\starid_c_dll\release\starid_c_dll.tlog\link.secondary.1.tlog
c:\users\victo\mit dropbox\victor long\mit summer 2026 important\click-portel-master\starid_c_dll\release\starid_c_dll.tlog\link.write.1.tlog
