c:\gits\gs_tracking_kr\starid_c_dll\debug\vc140.pdb
c:\gits\gs_tracking_kr\starid_c_dll\debug\vc140.idb
c:\gits\gs_tracking_kr\starid_c_dll\debug\cataloggeneration.obj
c:\gits\gs_tracking_kr\starid_c_dll\debug\externfunctions.obj
c:\gits\gs_tracking_kr\starid_c_dll\debug\globalvariables.obj
c:\gits\gs_tracking_kr\starid_c_dll\debug\hsymath.obj
c:\gits\gs_tracking_kr\starid_c_dll\debug\imgprocessing.obj
c:\gits\gs_tracking_kr\starid_c_dll\debug\starid_3dcorrelation.obj
c:\gits\gs_tracking_kr\starid_c_dll\debug\starid_main.obj
c:\gits\gs_tracking_kr\starid_c_dll\debug\teststargen.obj
c:\gits\gs_tracking_kr\debug\starid_c_dll.ilk
c:\gits\gs_tracking_kr\debug\starid_c_dll.dll
c:\gits\gs_tracking_kr\debug\starid_c_dll.pdb
c:\gits\gs_tracking_kr\debug\starid_c_dll.lib
c:\gits\gs_tracking_kr\debug\starid_c_dll.exp
c:\gits\gs_tracking_kr\starid_c_dll\debug\starid_c_dll.tlog\cl.command.1.tlog
c:\gits\gs_tracking_kr\starid_c_dll\debug\starid_c_dll.tlog\cl.read.1.tlog
c:\gits\gs_tracking_kr\starid_c_dll\debug\starid_c_dll.tlog\cl.write.1.tlog
c:\gits\gs_tracking_kr\starid_c_dll\debug\starid_c_dll.tlog\link.command.1.tlog
c:\gits\gs_tracking_kr\starid_c_dll\debug\starid_c_dll.tlog\link.read.1.tlog
c:\gits\gs_tracking_kr\starid_c_dll\debug\starid_c_dll.tlog\link.write.1.tlog
c:\gits\gs_tracking_kr\starid_c_dll\debug\starid_c_dll.tlog\starid_c_dll.write.1u.tlog
